../Core/Src/hardware/buzzer.c:16:8:getNoteFrequency	24	static
../Core/Src/hardware/buzzer.c:20:6:setVolume	16	static
../Core/Src/hardware/buzzer.c:26:6:setFrequency	16	static
../Core/Src/hardware/buzzer.c:30:6:setPlay	16	static
../Core/Src/hardware/buzzer.c:36:7:playNote	24	static
../Core/Src/hardware/buzzer.c:43:7:playA	8	static
../Core/Src/hardware/buzzer.c:46:7:playB	8	static
../Core/Src/hardware/buzzer.c:49:7:playC	8	static
../Core/Src/hardware/buzzer.c:52:7:playD	8	static
../Core/Src/hardware/buzzer.c:55:7:playE	8	static
../Core/Src/hardware/buzzer.c:58:7:playF	8	static
../Core/Src/hardware/buzzer.c:61:7:playG	8	static
../Core/Src/hardware/buzzer.c:65:7:playAll	8	static
../Core/Src/hardware/buzzer.c:73:7:upOctave	16	static
../Core/Src/hardware/buzzer.c:81:7:downOctave	16	static
../Core/Src/hardware/buzzer.c:89:7:upDuration	8	static
../Core/Src/hardware/buzzer.c:99:7:downDuration	8	static
