../Core/Src/tim.c:32:6:MX_TIM1_Init	96	static
../Core/Src/tim.c:102:6:MX_TIM6_Init	16	static
../Core/Src/tim.c:135:6:HAL_TIM_Base_MspInit	24	static
../Core/Src/tim.c:165:6:HAL_TIM_MspPostInit	40	static
../Core/Src/tim.c:193:6:HAL_TIM_Base_MspDeInit	16	static
../Core/Src/tim.c:224:19:TIM6_START	8	static
../Core/Src/tim.c:228:19:TIM6_STOP	8	static
../Core/Src/tim.c:232:6:setPlayAllFlag	4	static
../Core/Src/tim.c:236:6:resetPlayAllFlag	4	static
../Core/Src/tim.c:240:6:HAL_TIM_PeriodElapsedCallback	16	static
